TestProgram: 5.0 - INFO: Data processing completed
TestProgram: 6.0 - INFO: Web environment test
